
> maimako2026@0.1.0 build
> next build

  Ôû▓ Next.js 14.2.35

   Creating an optimized production build ...
 Ô£ô Compiled successfully
   Skipping validation of types
   Skipping linting
   Collecting page data ...
   Generating static pages (0/8) ...
   Generating static pages (2/8) 
   Generating static pages (4/8) 
   Generating static pages (6/8) 
 Ô£ô Generating static pages (8/8)
   Finalizing page optimization ...
   Collecting build traces ...

Route (app)                              Size     First Load JS
Ôöî Ôùï /                                    6.55 kB         103 kB
Ôö£ Ôùï /_not-found                          873 B          88.2 kB
Ôö£ Ôùï /about                               892 B            97 kB
Ôö£ Ôùï /admin                               136 B          87.5 kB
Ôö£ Ôùï /manifesto                           892 B            97 kB
Ôöö Ôùï /support                             60.4 kB         156 kB
+ First Load JS shared by all            87.3 kB
  Ôö£ chunks/117-198fc0c47f45bddd.js       31.7 kB
  Ôö£ chunks/fd9d1056-99fd069f72f04521.js  53.6 kB
  Ôöö other shared chunks (total)          1.96 kB


Ôùï  (Static)  prerendered as static content

